bun : $ next build
At line:1 char:1
+ bun run build > 
build_error.log 2>&1
+ ~~~~~~~~~~~~~~~~~~~~~~~~~~~~
~~~~~~~~
    + CategoryInfo          : 
    NotSpecified: ($ next bu  
  ild:String) [], RemoteExc   
 eption
    + FullyQualifiedErrorId : 
    NativeCommandError
 
Ôû▓ Next.js 16.1.6 (Turbopack)
- Environments: .env.local

  Creating an optimized production build ...

> Build error occurred
Error: Turbopack build failed 
with 1 errors:
./src/app/globals.css
Error evaluating Node.js code
CssSyntaxError: C:\Me\Work\spo
tme\src\app\globals.css:155:1:
 Unexpected }
    at Input.error (node_modul
es/postcss/lib/input.js:135:16
) [C:\Me\Work\spotme\.next\bui
ld\chunks\node_modules_2d7da25
6._.js:4651:22]
    at Parser.unexpectedClose 
(node_modules/postcss/lib/pars
er.js:587:22) [C:\Me\Work\spot
me\.next\build\chunks\node_mod
ules_2d7da256._.js:5828:26]
    at Parser.end (node_module
s/postcss/lib/parser.js:330:12
) [C:\Me\Work\spotme\.next\bui
ld\chunks\node_modules_2d7da25
6._.js:5601:18]
    at Parser.parse (node_modu
les/postcss/lib/parser.js:456:
16) [C:\Me\Work\spotme\.next\b
uild\chunks\node_modules_2d7da
256._.js:5712:26]
    at parse (node_modules/pos
tcss/lib/parse.js:11:12) [C:\M
e\Work\spotme\.next\build\chun
ks\node_modules_2d7da256._.js:
5861:16]
    at new LazyResult (node_mo
dules/postcss/lib/lazy-result.
js:165:16) [C:\Me\Work\spotme\
.next\build\chunks\node_module
s_2d7da256._.js:6113:24]
    at Processor.process (node
_modules/postcss/lib/processor
.js:53:14) [C:\Me\Work\spotme\
.next\build\chunks\node_module
s_2d7da256._.js:6579:20]
    at transform (turbopack://
/[turbopack-node]/transforms/p
ostcss.ts:70:51) [C:\Me\Work\s
potme\.next\build\chunks\[root
-of-the-server]__51225daf._.js
:146:52]
    at run (turbopack:///[turb
opack-node]/ipc/evaluate.ts:92
:29) [C:\Me\Work\spotme\.next\
build\chunks\[root-of-the-serv
er]__974941ed._.js:443:37]
    at run (turbopack:///[turb
opack-node]/ipc/evaluate.ts:11
5:11) [C:\Me\Work\spotme\.next
\build\chunks\[root-of-the-ser
ver]__974941ed._.js:464:25]

Import trace:
  Client Component Browser:
    ./src/app/globals.css 
[Client Component Browser]
    ./src/app/layout.tsx 
[Server Component]


    at transform (turbopack://
/[turbopack-node]/transforms/p
ostcss.ts:70:51) [C:\Me\Work\s
potme\.next\build\chunks\[root
-of-the-server]__51225daf._.js
:146:52])
    at run (turbopack:///[turb
opack-node]/ipc/evaluate.ts:92
:29) [C:\Me\Work\spotme\.next\
build\chunks\[root-of-the-serv
er]__974941ed._.js:443:37])
    at run (turbopack:///[turb
opack-node]/ipc/evaluate.ts:11
5:11) [C:\Me\Work\spotme\.next
\build\chunks\[root-of-the-ser
ver]__974941ed._.js:464:25])
error: script "build" exited 
with code 1
